// Jest Snapshot v1, https://goo.gl/fbAQLP

exports[`ContactUsScreen matches snapshot 1`] = `
<RCTScrollView
  contentContainerStyle={
    {
      "backgroundColor": "#F8E9F0",
      "flexGrow": 1,
      "padding": 20,
      "paddingTop": 100,
    }
  }
>
  <View>
    <View
      accessibilityState={
        {
          "busy": undefined,
          "checked": undefined,
          "disabled": undefined,
          "expanded": undefined,
          "selected": undefined,
        }
      }
      accessibilityValue={
        {
          "max": undefined,
          "min": undefined,
          "now": undefined,
          "text": undefined,
        }
      }
      accessible={true}
      collapsable={false}
      focusable={true}
      onClick={[Function]}
      onResponderGrant={[Function]}
      onResponderMove={[Function]}
      onResponderRelease={[Function]}
      onResponderTerminate={[Function]}
      onResponderTerminationRequest={[Function]}
      onStartShouldSetResponder={[Function]}
      style={
        {
          "justifyContent": "center",
          "left": 20,
          "opacity": 1,
          "padding": 8,
          "position": "absolute",
          "top": 20,
          "zIndex": 1,
        }
      }
    />
    <Text
      style={
        {
          "color": "#780C60",
          "fontSize": 26,
          "fontWeight": "bold",
          "marginBottom": 30,
          "textAlign": "center",
        }
      }
    >
      Contact Us
    </Text>
    <View
      style={
        {
          "backgroundColor": "#fff",
          "borderRadius": 12,
          "elevation": 2,
          "marginBottom": 20,
          "padding": 20,
        }
      }
    >
      <Text
        style={
          {
            "color": "#000",
            "fontSize": 18,
            "fontWeight": "bold",
            "marginBottom": 10,
          }
        }
      >
        Phone Numbers
      </Text>
      <Text
        style={
          {
            "color": "#444",
            "fontSize": 16,
            "marginBottom": 6,
          }
        }
      >
        📞 +92 333 1283810
      </Text>
      <Text
        style={
          {
            "color": "#444",
            "fontSize": 16,
            "marginBottom": 6,
          }
        }
      >
        📞 +92 300 1234567
      </Text>
    </View>
    <View
      style={
        {
          "backgroundColor": "#fff",
          "borderRadius": 12,
          "elevation": 2,
          "marginBottom": 20,
          "padding": 20,
        }
      }
    >
      <Text
        style={
          {
            "color": "#000",
            "fontSize": 18,
            "fontWeight": "bold",
            "marginBottom": 10,
          }
        }
      >
        Office Address
      </Text>
      <Text
        style={
          {
            "color": "#444",
            "fontSize": 16,
            "marginBottom": 6,
          }
        }
      >
        🏢 Office #42, Software Tech Park
      </Text>
      <Text
        style={
          {
            "color": "#444",
            "fontSize": 16,
            "marginBottom": 6,
          }
        }
      >
        📍 Islamabad, Pakistan
      </Text>
    </View>
  </View>
</RCTScrollView>
`;
